I'm sorry, but errors were detected in your script. Please correct the
errors listed below, and try again.


File "game/script.rpy", line 96: expected statement.
    renpy.music.register_channel("bg_sounds_channel", sfx)
                                                          ^

File "game/script.rpy", line 97: expected statement.
    renpy.music.register_channel("sfx", sfx)
                                            ^

Ren'Py Version: Ren'Py 8.3.2.24090902
Mon Dec  2 16:20:34 2024
